// Jest Snapshot v1, https://goo.gl/fbAQLP

exports[`List matches a List snapshot 1`] = `
<ul
  className="Characters"
>
  <li
    key="1"
  >
    <Detail
      affiliation="air"
      allies="all"
      enemies="fire nation"
      id={1}
      image="url"
      name="Ang"
    />
  </li>
</ul>
`;
