// Jest Snapshot v1, https://goo.gl/fbAQLP

exports[`App component renders App 1`] = `
<ContextProvider
  value={
    Object {
      "earthFire": "earth",
      "toggle": [Function],
    }
  }
>
  <App />
</ContextProvider>
`;
